// Jest Snapshot v1, https://goo.gl/fbAQLP

exports[`Renders correctly 1`] = `
<div>
  <h3
    className="quoteHeader homeText "
  >
    Mathematics is not about numbers,equation,computations,or algorithms : It is about understanding.-William Paul Thurston
  </h3>
</div>
`;
